=== 3-REAP pipeline ===
    Project : /compbio/analysis/ClaireMoore/cmoore_019.admera
    Output  : /compbio/data/ClaireMoore/cmoore_019.admera/processed/3_REAP
    Samples : /compbio/analysis/ClaireMoore/cmoore_019.admera/data/sample.txt
    PolyADB : /compbio/analysis/ClaireMoore/cmoore_019.admera/data/PolyA_DB_v4.1/hg38.PAS.main.tsv

[Step 2] Adapter / polyA trimming...
  [R1 skip] Control_3day_rep1
  [R2 skip] Control_3day_rep1
  [R1 skip] Control_3day_rep2
  [R2 skip] Control_3day_rep2
  [R1 skip] Control_5day_rep1
  [R1 skip] Control_3day_rep3
  [R2 skip] Control_5day_rep1
  [R2 skip] Control_3day_rep3
  [R1 skip] Control_5day_rep2
  [R2 skip] Control_5day_rep2
  [R1 skip] Control_5day_rep3
  [R2 skip] Control_5day_rep3
  [R1 skip] Treatment_3day_rep1
  [R2 skip] Treatment_3day_rep1
  [R1 skip] Treatment_3day_rep2
  [R2 skip] Treatment_3day_rep2
  [R1 skip] Treatment_5day_rep1
  [R2 skip] Treatment_5day_rep1
  [R1 skip] Treatment_3day_rep3
  [R1 skip] Treatment_5day_rep2
  [R2 skip] Treatment_3day_rep3
  [R2 skip] Treatment_5day_rep2
  [R1] Treatment_5day_rep3
  [R2] Treatment_5day_rep3
Processing /compbio/data/ClaireMoore/cmoore_019.admera/processed/3_REAP/01_trim/Treatment_5day_rep3/Treatment_5day_rep3_R2_trimAdapt.fastq.gz...
Processed 128073942 reads from /compbio/data/ClaireMoore/cmoore_019.admera/processed/3_REAP/01_trim/Treatment_5day_rep3/Treatment_5day_rep3_R2_trimAdapt.fastq.gz. Output saved to /compbio/data/ClaireMoore/cmoore_019.admera/processed/3_REAP/01_trim/Treatment_5day_rep3/Treatment_5day_rep3_R2_trimAdapt.5Ttrimmed.fastq.gz.
Processed file saved as: /compbio/data/ClaireMoore/cmoore_019.admera/processed/3_REAP/01_trim/Treatment_5day_rep3/Treatment_5day_rep3_R2_trimAdapt.5Ttrimmed.fastq.gz
[Step 3] Repair pairs + STAR alignment...
  [skip] Control_3day_rep1: already aligned
  [skip] Control_3day_rep3: already aligned
  [skip] Control_3day_rep2: already aligned
  [skip] Control_5day_rep1: already aligned
  [skip] Control_5day_rep2: already aligned
  [skip] Control_5day_rep3: already aligned
  [skip] Treatment_3day_rep1: already aligned
  [skip] Treatment_3day_rep2: already aligned
  [skip] Treatment_3day_rep3: already aligned
  [skip] Treatment_5day_rep1: already aligned
  [skip] Treatment_5day_rep2: already aligned
  [align] Treatment_5day_rep3
java -ea -Xmx196790m -cp /home/cnobrega/miniforge3/envs/reap-env/opt/bbmap-39.28-0/current/ jgi.SplitPairsAndSingles rp overwrite=t in1=/compbio/data/ClaireMoore/cmoore_019.admera/processed/3_REAP/01_trim/Treatment_5day_rep3/Treatment_5day_rep3_R1.fastq.gz in2=/compbio/data/ClaireMoore/cmoore_019.admera/processed/3_REAP/01_trim/Treatment_5day_rep3/Treatment_5day_rep3_R2_trimAdapt.5Ttrimmed.fastq.gz out1=/compbio/data/ClaireMoore/cmoore_019.admera/processed/3_REAP/02_align/Treatment_5day_rep3/repaired/Treatment_5day_rep3_R1.fastq.gz out2=/compbio/data/ClaireMoore/cmoore_019.admera/processed/3_REAP/02_align/Treatment_5day_rep3/repaired/Treatment_5day_rep3_R2.fastq.gz outs=/compbio/data/ClaireMoore/cmoore_019.admera/processed/3_REAP/02_align/Treatment_5day_rep3/repaired/Treatment_5day_rep3_unpaired.fastq.gz repair
Executing jgi.SplitPairsAndSingles [rp, overwrite=t, in1=/compbio/data/ClaireMoore/cmoore_019.admera/processed/3_REAP/01_trim/Treatment_5day_rep3/Treatment_5day_rep3_R1.fastq.gz, in2=/compbio/data/ClaireMoore/cmoore_019.admera/processed/3_REAP/01_trim/Treatment_5day_rep3/Treatment_5day_rep3_R2_trimAdapt.5Ttrimmed.fastq.gz, out1=/compbio/data/ClaireMoore/cmoore_019.admera/processed/3_REAP/02_align/Treatment_5day_rep3/repaired/Treatment_5day_rep3_R1.fastq.gz, out2=/compbio/data/ClaireMoore/cmoore_019.admera/processed/3_REAP/02_align/Treatment_5day_rep3/repaired/Treatment_5day_rep3_R2.fastq.gz, outs=/compbio/data/ClaireMoore/cmoore_019.admera/processed/3_REAP/02_align/Treatment_5day_rep3/repaired/Treatment_5day_rep3_unpaired.fastq.gz, repair]

Set INTERLEAVED to false
Started output stream.

Input:                  	254571081 reads 		28632923022 bases.
Result:                 	254571081 reads (100.00%) 	28632923022 bases (100.00%)
Pairs:                  	249360702 reads (97.95%) 	28171230715 bases (98.39%)
Singletons:             	5210379 reads (2.05%) 	461692307 bases (1.61%)

Time:                         	419.216 seconds.
Reads Processed:        254m 	607.26k reads/sec
Bases Processed:      28632m 	68.30m bases/sec
	/home/cnobrega/miniforge3/envs/reap-env/bin/STAR-avx2 --runThreadN 8 --readFilesCommand zcat --genomeDir /compbio/analysis/ClaireMoore/cmoore_019.admera/data/ref/star_index_hg38 --readFilesIn /compbio/data/ClaireMoore/cmoore_019.admera/processed/3_REAP/02_align/Treatment_5day_rep3/repaired/Treatment_5day_rep3_R1.fastq.gz /compbio/data/ClaireMoore/cmoore_019.admera/processed/3_REAP/02_align/Treatment_5day_rep3/repaired/Treatment_5day_rep3_R2.fastq.gz --outReadsUnmapped None --outFilterType BySJout --limitBAMsortRAM 4000000000 --outSAMattributes NH HI NM MD --outSAMtype BAM SortedByCoordinate --outFileNamePrefix /compbio/data/ClaireMoore/cmoore_019.admera/processed/3_REAP/02_align/Treatment_5day_rep3/star/ --outFilterMultimapNmax 1 --outFilterScoreMinOverLread 0.2 --outFilterMatchNminOverLread 0.2
	STAR version: 2.7.11b   compiled: 2025-04-26T21:36:55+0000 :/opt/conda/conda-bld/star_1745703265435/work/source
Sep 24 22:41:40 ..... started STAR run
Sep 24 22:41:40 ..... loading genome
Sep 24 22:42:01 ..... started mapping
Sep 24 23:34:04 ..... finished mapping
Sep 24 23:34:06 ..... started sorting BAM
Sep 24 23:36:33 ..... finished successfully
[Step 3] Compiling alignment statistics...
[Step 4] Deduplication...
  [skip] Control_3day_rep2: dedup link exists
  [skip] Control_3day_rep1: dedup link exists
  [skip] Control_5day_rep1: dedup link exists
  [skip] Control_3day_rep3: dedup link exists
  [skip] Control_5day_rep2: dedup link exists
  [skip] Control_5day_rep3: dedup link exists
  [skip] Treatment_3day_rep1: dedup link exists
  [skip] Treatment_3day_rep2: dedup link exists
  [skip] Treatment_5day_rep1: dedup link exists
  [skip] Treatment_5day_rep2: dedup link exists
  [skip] Treatment_3day_rep3: dedup link exists
  [skip] Treatment_5day_rep3: dedup link exists
[Step 5] BAM → BED (R2 reads)...
  [skip] Control_3day_rep1: BED exists
  [skip] Control_3day_rep2: BED exists
  [skip] Control_3day_rep3: BED exists
  [skip] Control_5day_rep1: BED exists
  [skip] Control_5day_rep2: BED exists
  [skip] Control_5day_rep3: BED exists
  [skip] Treatment_3day_rep1: BED exists
  [skip] Treatment_3day_rep2: BED exists
  [skip] Treatment_3day_rep3: BED exists
  [skip] Treatment_5day_rep1: BED exists
  [skip] Treatment_5day_rep2: BED exists
  [skip] Treatment_5day_rep3: BED exists
  Read counts per sample:
   30983447 /compbio/data/ClaireMoore/cmoore_019.admera/processed/3_REAP/04_bed/Control_3day_rep1.dedup_R2.sorted.bed
   24442948 /compbio/data/ClaireMoore/cmoore_019.admera/processed/3_REAP/04_bed/Control_3day_rep2.dedup_R2.sorted.bed
   27614350 /compbio/data/ClaireMoore/cmoore_019.admera/processed/3_REAP/04_bed/Control_3day_rep3.dedup_R2.sorted.bed
   29933904 /compbio/data/ClaireMoore/cmoore_019.admera/processed/3_REAP/04_bed/Control_5day_rep1.dedup_R2.sorted.bed
   32691161 /compbio/data/ClaireMoore/cmoore_019.admera/processed/3_REAP/04_bed/Control_5day_rep2.dedup_R2.sorted.bed
   26207162 /compbio/data/ClaireMoore/cmoore_019.admera/processed/3_REAP/04_bed/Control_5day_rep3.dedup_R2.sorted.bed
   30881868 /compbio/data/ClaireMoore/cmoore_019.admera/processed/3_REAP/04_bed/Treatment_3day_rep1.dedup_R2.sorted.bed
   25264510 /compbio/data/ClaireMoore/cmoore_019.admera/processed/3_REAP/04_bed/Treatment_3day_rep2.dedup_R2.sorted.bed
   33856900 /compbio/data/ClaireMoore/cmoore_019.admera/processed/3_REAP/04_bed/Treatment_3day_rep3.dedup_R2.sorted.bed
   25628139 /compbio/data/ClaireMoore/cmoore_019.admera/processed/3_REAP/04_bed/Treatment_5day_rep1.dedup_R2.sorted.bed
   29210687 /compbio/data/ClaireMoore/cmoore_019.admera/processed/3_REAP/04_bed/Treatment_5day_rep2.dedup_R2.sorted.bed
          0 /compbio/data/ClaireMoore/cmoore_019.admera/processed/3_REAP/04_bed/Treatment_5day_rep3.dedup_R2.sorted.bed
  316715076 total
[Step 6] LAP/PAS analysis (dist=24 nt)...
  Output already exists, skipping
[Step 7] Generating bigWig tracks...
  [bw] PASS_bw_LAP24 / Control_3day_rep1
  [bw] PASS_bw_LAP24 / Control_3day_rep2
  [bw] PASS_bw_LAP24 / Control_3day_rep3
  [bw] PASS_bw_LAP24 / Control_5day_rep1
#Total mapped reads number = 16481336; Normalized bedgraph coverage to read counts per million total read:
#write /compbio/data/ClaireMoore/cmoore_019.admera/processed/3_REAP/06_bigwig/PASS_bw_LAP24/Control_3day_rep2.plus.bedgraph.normalized
#Total mapped reads number = 16481336; Normalized bedgraph coverage to read counts per million total read:
#write /compbio/data/ClaireMoore/cmoore_019.admera/processed/3_REAP/06_bigwig/PASS_bw_LAP24/Control_3day_rep2.minus.bedgraph.normalized
  [bw] PASS_bw_LAP24 / Control_5day_rep2
#Total mapped reads number = 18444972; Normalized bedgraph coverage to read counts per million total read:
#write /compbio/data/ClaireMoore/cmoore_019.admera/processed/3_REAP/06_bigwig/PASS_bw_LAP24/Control_3day_rep3.plus.bedgraph.normalized
#Total mapped reads number = 18444972; Normalized bedgraph coverage to read counts per million total read:
#write /compbio/data/ClaireMoore/cmoore_019.admera/processed/3_REAP/06_bigwig/PASS_bw_LAP24/Control_3day_rep3.minus.bedgraph.normalized
  [bw] PASS_bw_LAP24 / Control_5day_rep3
#Total mapped reads number = 20327886; Normalized bedgraph coverage to read counts per million total read:
#write /compbio/data/ClaireMoore/cmoore_019.admera/processed/3_REAP/06_bigwig/PASS_bw_LAP24/Control_3day_rep1.plus.bedgraph.normalized
#Total mapped reads number = 20327886; Normalized bedgraph coverage to read counts per million total read:
#write /compbio/data/ClaireMoore/cmoore_019.admera/processed/3_REAP/06_bigwig/PASS_bw_LAP24/Control_3day_rep1.minus.bedgraph.normalized
#Total mapped reads number = 20407142; Normalized bedgraph coverage to read counts per million total read:
#write /compbio/data/ClaireMoore/cmoore_019.admera/processed/3_REAP/06_bigwig/PASS_bw_LAP24/Control_5day_rep1.plus.bedgraph.normalized
#Total mapped reads number = 20407142; Normalized bedgraph coverage to read counts per million total read:
#write /compbio/data/ClaireMoore/cmoore_019.admera/processed/3_REAP/06_bigwig/PASS_bw_LAP24/Control_5day_rep1.minus.bedgraph.normalized
  [bw] PASS_bw_LAP24 / Treatment_3day_rep1
  [bw] PASS_bw_LAP24 / Treatment_3day_rep2
#Total mapped reads number = 21381055; Normalized bedgraph coverage to read counts per million total read:
#write /compbio/data/ClaireMoore/cmoore_019.admera/processed/3_REAP/06_bigwig/PASS_bw_LAP24/Control_5day_rep2.plus.bedgraph.normalized
#Total mapped reads number = 21381055; Normalized bedgraph coverage to read counts per million total read:
#write /compbio/data/ClaireMoore/cmoore_019.admera/processed/3_REAP/06_bigwig/PASS_bw_LAP24/Control_5day_rep2.minus.bedgraph.normalized
  [bw] PASS_bw_LAP24 / Treatment_3day_rep3
#Total mapped reads number = 17549113; Normalized bedgraph coverage to read counts per million total read:
#write /compbio/data/ClaireMoore/cmoore_019.admera/processed/3_REAP/06_bigwig/PASS_bw_LAP24/Control_5day_rep3.plus.bedgraph.normalized
#Total mapped reads number = 17549113; Normalized bedgraph coverage to read counts per million total read:
#write /compbio/data/ClaireMoore/cmoore_019.admera/processed/3_REAP/06_bigwig/PASS_bw_LAP24/Control_5day_rep3.minus.bedgraph.normalized
  [bw] PASS_bw_LAP24 / Treatment_5day_rep1
#Total mapped reads number = 17768433; Normalized bedgraph coverage to read counts per million total read:
#write /compbio/data/ClaireMoore/cmoore_019.admera/processed/3_REAP/06_bigwig/PASS_bw_LAP24/Treatment_3day_rep2.plus.bedgraph.normalized
#Total mapped reads number = 17768433; Normalized bedgraph coverage to read counts per million total read:
#write /compbio/data/ClaireMoore/cmoore_019.admera/processed/3_REAP/06_bigwig/PASS_bw_LAP24/Treatment_3day_rep2.minus.bedgraph.normalized
  [bw] PASS_bw_LAP24 / Treatment_5day_rep2
#Total mapped reads number = 20069028; Normalized bedgraph coverage to read counts per million total read:
#write /compbio/data/ClaireMoore/cmoore_019.admera/processed/3_REAP/06_bigwig/PASS_bw_LAP24/Treatment_3day_rep1.plus.bedgraph.normalized
#Total mapped reads number = 20069028; Normalized bedgraph coverage to read counts per million total read:
#write /compbio/data/ClaireMoore/cmoore_019.admera/processed/3_REAP/06_bigwig/PASS_bw_LAP24/Treatment_3day_rep1.minus.bedgraph.normalized
  [bw] PASS_bw_LAP24 / Treatment_5day_rep3
3-REAP_workflow.sh: line 312: /compbio/data/ClaireMoore/cmoore_019.admera/processed/3_REAP/05_LAP_PAS/Treatment_5day_rep3_PASS_bw_LAP24.bed: No such file or directory
sort: cannot read: /compbio/data/ClaireMoore/cmoore_019.admera/processed/3_REAP/05_LAP_PAS/Treatment_5day_rep3_PASS_bw_LAP24.bed: No such file or directory
error, read length (-l) or total read number (-t) not defined
eg. norm_bedgraph.pl -t 9898819 -i "sham_a.m.bedgraph sham_a.p.bedgraph" -m "sham_a.m.bedgraph"
error, read length (-l) or total read number (-t) not defined
eg. norm_bedgraph.pl -t 9898819 -i "sham_a.m.bedgraph sham_a.p.bedgraph" -m "sham_a.m.bedgraph"
awk: fatal: cannot open file `/compbio/data/ClaireMoore/cmoore_019.admera/processed/3_REAP/06_bigwig/PASS_bw_LAP24/Treatment_5day_rep3.minus.bedgraph.normalized' for reading: No such file or directory
mustOpen: Can't open /compbio/data/ClaireMoore/cmoore_019.admera/processed/3_REAP/06_bigwig/PASS_bw_LAP24/Treatment_5day_rep3.plus.bedgraph.normalized to read: No such file or directory
mustOpen: Can't open /compbio/data/ClaireMoore/cmoore_019.admera/processed/3_REAP/06_bigwig/PASS_bw_LAP24/Treatment_5day_rep3.minus.bedgraph.normalized to read: No such file or directory
needLargeMem: trying to allocate 0 bytes (limit: 100000000000)
  [bw] PASS_bw_LAP24_positon / Control_3day_rep1
#Total mapped reads number = 16916312; Normalized bedgraph coverage to read counts per million total read:
#write /compbio/data/ClaireMoore/cmoore_019.admera/processed/3_REAP/06_bigwig/PASS_bw_LAP24/Treatment_5day_rep1.plus.bedgraph.normalized
#Total mapped reads number = 16916312; Normalized bedgraph coverage to read counts per million total read:
#write /compbio/data/ClaireMoore/cmoore_019.admera/processed/3_REAP/06_bigwig/PASS_bw_LAP24/Treatment_5day_rep1.minus.bedgraph.normalized
  [bw] PASS_bw_LAP24_positon / Control_3day_rep2
#Total mapped reads number = 23162857; Normalized bedgraph coverage to read counts per million total read:
#write /compbio/data/ClaireMoore/cmoore_019.admera/processed/3_REAP/06_bigwig/PASS_bw_LAP24/Treatment_3day_rep3.plus.bedgraph.normalized
#Total mapped reads number = 23162857; Normalized bedgraph coverage to read counts per million total read:
#write /compbio/data/ClaireMoore/cmoore_019.admera/processed/3_REAP/06_bigwig/PASS_bw_LAP24/Treatment_3day_rep3.minus.bedgraph.normalized
#Total mapped reads number = 19050802; Normalized bedgraph coverage to read counts per million total read:
#write /compbio/data/ClaireMoore/cmoore_019.admera/processed/3_REAP/06_bigwig/PASS_bw_LAP24/Treatment_5day_rep2.plus.bedgraph.normalized
#Total mapped reads number = 19050802; Normalized bedgraph coverage to read counts per million total read:
#write /compbio/data/ClaireMoore/cmoore_019.admera/processed/3_REAP/06_bigwig/PASS_bw_LAP24/Treatment_5day_rep2.minus.bedgraph.normalized
  [bw] PASS_bw_LAP24_positon / Control_3day_rep3
  [bw] PASS_bw_LAP24_positon / Control_5day_rep1
#Total mapped reads number = 20327886; Normalized bedgraph coverage to read counts per million total read:
#write /compbio/data/ClaireMoore/cmoore_019.admera/processed/3_REAP/06_bigwig/PASS_bw_LAP24_positon/Control_3day_rep1.plus.bedgraph.normalized
#Total mapped reads number = 20327886; Normalized bedgraph coverage to read counts per million total read:
#write /compbio/data/ClaireMoore/cmoore_019.admera/processed/3_REAP/06_bigwig/PASS_bw_LAP24_positon/Control_3day_rep1.minus.bedgraph.normalized
  [bw] PASS_bw_LAP24_positon / Control_5day_rep2
#Total mapped reads number = 16481336; Normalized bedgraph coverage to read counts per million total read:
#write /compbio/data/ClaireMoore/cmoore_019.admera/processed/3_REAP/06_bigwig/PASS_bw_LAP24_positon/Control_3day_rep2.plus.bedgraph.normalized
#Total mapped reads number = 16481336; Normalized bedgraph coverage to read counts per million total read:
#write /compbio/data/ClaireMoore/cmoore_019.admera/processed/3_REAP/06_bigwig/PASS_bw_LAP24_positon/Control_3day_rep2.minus.bedgraph.normalized
  [bw] PASS_bw_LAP24_positon / Control_5day_rep3
#Total mapped reads number = 18444972; Normalized bedgraph coverage to read counts per million total read:
#write /compbio/data/ClaireMoore/cmoore_019.admera/processed/3_REAP/06_bigwig/PASS_bw_LAP24_positon/Control_3day_rep3.plus.bedgraph.normalized
#Total mapped reads number = 18444972; Normalized bedgraph coverage to read counts per million total read:
#write /compbio/data/ClaireMoore/cmoore_019.admera/processed/3_REAP/06_bigwig/PASS_bw_LAP24_positon/Control_3day_rep3.minus.bedgraph.normalized
  [bw] PASS_bw_LAP24_positon / Treatment_3day_rep1
#Total mapped reads number = 20407142; Normalized bedgraph coverage to read counts per million total read:
#write /compbio/data/ClaireMoore/cmoore_019.admera/processed/3_REAP/06_bigwig/PASS_bw_LAP24_positon/Control_5day_rep1.plus.bedgraph.normalized
#Total mapped reads number = 20407142; Normalized bedgraph coverage to read counts per million total read:
#write /compbio/data/ClaireMoore/cmoore_019.admera/processed/3_REAP/06_bigwig/PASS_bw_LAP24_positon/Control_5day_rep1.minus.bedgraph.normalized
  [bw] PASS_bw_LAP24_positon / Treatment_3day_rep2
#Total mapped reads number = 21381055; Normalized bedgraph coverage to read counts per million total read:
#write /compbio/data/ClaireMoore/cmoore_019.admera/processed/3_REAP/06_bigwig/PASS_bw_LAP24_positon/Control_5day_rep2.plus.bedgraph.normalized
#Total mapped reads number = 21381055; Normalized bedgraph coverage to read counts per million total read:
#write /compbio/data/ClaireMoore/cmoore_019.admera/processed/3_REAP/06_bigwig/PASS_bw_LAP24_positon/Control_5day_rep2.minus.bedgraph.normalized
  [bw] PASS_bw_LAP24_positon / Treatment_3day_rep3
#Total mapped reads number = 17549113; Normalized bedgraph coverage to read counts per million total read:
#write /compbio/data/ClaireMoore/cmoore_019.admera/processed/3_REAP/06_bigwig/PASS_bw_LAP24_positon/Control_5day_rep3.plus.bedgraph.normalized
#Total mapped reads number = 17549113; Normalized bedgraph coverage to read counts per million total read:
#write /compbio/data/ClaireMoore/cmoore_019.admera/processed/3_REAP/06_bigwig/PASS_bw_LAP24_positon/Control_5day_rep3.minus.bedgraph.normalized
  [bw] PASS_bw_LAP24_positon / Treatment_5day_rep1
#Total mapped reads number = 17768433; Normalized bedgraph coverage to read counts per million total read:
#write /compbio/data/ClaireMoore/cmoore_019.admera/processed/3_REAP/06_bigwig/PASS_bw_LAP24_positon/Treatment_3day_rep2.plus.bedgraph.normalized
#Total mapped reads number = 17768433; Normalized bedgraph coverage to read counts per million total read:
#write /compbio/data/ClaireMoore/cmoore_019.admera/processed/3_REAP/06_bigwig/PASS_bw_LAP24_positon/Treatment_3day_rep2.minus.bedgraph.normalized
  [bw] PASS_bw_LAP24_positon / Treatment_5day_rep2
#Total mapped reads number = 20069028; Normalized bedgraph coverage to read counts per million total read:
#write /compbio/data/ClaireMoore/cmoore_019.admera/processed/3_REAP/06_bigwig/PASS_bw_LAP24_positon/Treatment_3day_rep1.plus.bedgraph.normalized
#Total mapped reads number = 20069028; Normalized bedgraph coverage to read counts per million total read:
#write /compbio/data/ClaireMoore/cmoore_019.admera/processed/3_REAP/06_bigwig/PASS_bw_LAP24_positon/Treatment_3day_rep1.minus.bedgraph.normalized
  [bw] PASS_bw_LAP24_positon / Treatment_5day_rep3
3-REAP_workflow.sh: line 312: /compbio/data/ClaireMoore/cmoore_019.admera/processed/3_REAP/05_LAP_PAS/Treatment_5day_rep3_PASS_bw_LAP24_positon.bed: No such file or directory
sort: cannot read: /compbio/data/ClaireMoore/cmoore_019.admera/processed/3_REAP/05_LAP_PAS/Treatment_5day_rep3_PASS_bw_LAP24_positon.bed: No such file or directory
error, read length (-l) or total read number (-t) not defined
eg. norm_bedgraph.pl -t 9898819 -i "sham_a.m.bedgraph sham_a.p.bedgraph" -m "sham_a.m.bedgraph"
error, read length (-l) or total read number (-t) not defined
eg. norm_bedgraph.pl -t 9898819 -i "sham_a.m.bedgraph sham_a.p.bedgraph" -m "sham_a.m.bedgraph"
awk: fatal: cannot open file `/compbio/data/ClaireMoore/cmoore_019.admera/processed/3_REAP/06_bigwig/PASS_bw_LAP24_positon/Treatment_5day_rep3.minus.bedgraph.normalized' for reading: No such file or directory
mustOpen: Can't open /compbio/data/ClaireMoore/cmoore_019.admera/processed/3_REAP/06_bigwig/PASS_bw_LAP24_positon/Treatment_5day_rep3.plus.bedgraph.normalized to read: No such file or directory
mustOpen: Can't open /compbio/data/ClaireMoore/cmoore_019.admera/processed/3_REAP/06_bigwig/PASS_bw_LAP24_positon/Treatment_5day_rep3.minus.bedgraph.normalized to read: No such file or directory
needLargeMem: trying to allocate 0 bytes (limit: 100000000000)
  [bw] PASS_bw_LAP24_PAS / Control_3day_rep1
#Total mapped reads number = 16916312; Normalized bedgraph coverage to read counts per million total read:
#write /compbio/data/ClaireMoore/cmoore_019.admera/processed/3_REAP/06_bigwig/PASS_bw_LAP24_positon/Treatment_5day_rep1.plus.bedgraph.normalized
#Total mapped reads number = 16916312; Normalized bedgraph coverage to read counts per million total read:
#write /compbio/data/ClaireMoore/cmoore_019.admera/processed/3_REAP/06_bigwig/PASS_bw_LAP24_positon/Treatment_5day_rep1.minus.bedgraph.normalized
  [bw] PASS_bw_LAP24_PAS / Control_3day_rep2
#Total mapped reads number = 23162857; Normalized bedgraph coverage to read counts per million total read:
#write /compbio/data/ClaireMoore/cmoore_019.admera/processed/3_REAP/06_bigwig/PASS_bw_LAP24_positon/Treatment_3day_rep3.plus.bedgraph.normalized
#Total mapped reads number = 23162857; Normalized bedgraph coverage to read counts per million total read:
#write /compbio/data/ClaireMoore/cmoore_019.admera/processed/3_REAP/06_bigwig/PASS_bw_LAP24_positon/Treatment_3day_rep3.minus.bedgraph.normalized
  [bw] PASS_bw_LAP24_PAS / Control_3day_rep3
#Total mapped reads number = 19050802; Normalized bedgraph coverage to read counts per million total read:
#write /compbio/data/ClaireMoore/cmoore_019.admera/processed/3_REAP/06_bigwig/PASS_bw_LAP24_positon/Treatment_5day_rep2.plus.bedgraph.normalized
#Total mapped reads number = 19050802; Normalized bedgraph coverage to read counts per million total read:
#write /compbio/data/ClaireMoore/cmoore_019.admera/processed/3_REAP/06_bigwig/PASS_bw_LAP24_positon/Treatment_5day_rep2.minus.bedgraph.normalized
  [bw] PASS_bw_LAP24_PAS / Control_5day_rep1
#Total mapped reads number = 20327886; Normalized bedgraph coverage to read counts per million total read:
#write /compbio/data/ClaireMoore/cmoore_019.admera/processed/3_REAP/06_bigwig/PASS_bw_LAP24_PAS/Control_3day_rep1.plus.bedgraph.normalized
#Total mapped reads number = 20327886; Normalized bedgraph coverage to read counts per million total read:
#write /compbio/data/ClaireMoore/cmoore_019.admera/processed/3_REAP/06_bigwig/PASS_bw_LAP24_PAS/Control_3day_rep1.minus.bedgraph.normalized
  [bw] PASS_bw_LAP24_PAS / Control_5day_rep2
#Total mapped reads number = 16481336; Normalized bedgraph coverage to read counts per million total read:
#write /compbio/data/ClaireMoore/cmoore_019.admera/processed/3_REAP/06_bigwig/PASS_bw_LAP24_PAS/Control_3day_rep2.plus.bedgraph.normalized
#Total mapped reads number = 16481336; Normalized bedgraph coverage to read counts per million total read:
#write /compbio/data/ClaireMoore/cmoore_019.admera/processed/3_REAP/06_bigwig/PASS_bw_LAP24_PAS/Control_3day_rep2.minus.bedgraph.normalized
  [bw] PASS_bw_LAP24_PAS / Control_5day_rep3
#Total mapped reads number = 18444972; Normalized bedgraph coverage to read counts per million total read:
#write /compbio/data/ClaireMoore/cmoore_019.admera/processed/3_REAP/06_bigwig/PASS_bw_LAP24_PAS/Control_3day_rep3.plus.bedgraph.normalized
#Total mapped reads number = 18444972; Normalized bedgraph coverage to read counts per million total read:
#write /compbio/data/ClaireMoore/cmoore_019.admera/processed/3_REAP/06_bigwig/PASS_bw_LAP24_PAS/Control_3day_rep3.minus.bedgraph.normalized
  [bw] PASS_bw_LAP24_PAS / Treatment_3day_rep1
#Total mapped reads number = 20407142; Normalized bedgraph coverage to read counts per million total read:
#write /compbio/data/ClaireMoore/cmoore_019.admera/processed/3_REAP/06_bigwig/PASS_bw_LAP24_PAS/Control_5day_rep1.plus.bedgraph.normalized
#Total mapped reads number = 20407142; Normalized bedgraph coverage to read counts per million total read:
#write /compbio/data/ClaireMoore/cmoore_019.admera/processed/3_REAP/06_bigwig/PASS_bw_LAP24_PAS/Control_5day_rep1.minus.bedgraph.normalized
  [bw] PASS_bw_LAP24_PAS / Treatment_3day_rep2
#Total mapped reads number = 17549113; Normalized bedgraph coverage to read counts per million total read:
#write /compbio/data/ClaireMoore/cmoore_019.admera/processed/3_REAP/06_bigwig/PASS_bw_LAP24_PAS/Control_5day_rep3.plus.bedgraph.normalized
#Total mapped reads number = 17549113; Normalized bedgraph coverage to read counts per million total read:
#write /compbio/data/ClaireMoore/cmoore_019.admera/processed/3_REAP/06_bigwig/PASS_bw_LAP24_PAS/Control_5day_rep3.minus.bedgraph.normalized
  [bw] PASS_bw_LAP24_PAS / Treatment_3day_rep3
#Total mapped reads number = 21381055; Normalized bedgraph coverage to read counts per million total read:
#write /compbio/data/ClaireMoore/cmoore_019.admera/processed/3_REAP/06_bigwig/PASS_bw_LAP24_PAS/Control_5day_rep2.plus.bedgraph.normalized
#Total mapped reads number = 21381055; Normalized bedgraph coverage to read counts per million total read:
#write /compbio/data/ClaireMoore/cmoore_019.admera/processed/3_REAP/06_bigwig/PASS_bw_LAP24_PAS/Control_5day_rep2.minus.bedgraph.normalized
  [bw] PASS_bw_LAP24_PAS / Treatment_5day_rep1
#Total mapped reads number = 20069028; Normalized bedgraph coverage to read counts per million total read:
#write /compbio/data/ClaireMoore/cmoore_019.admera/processed/3_REAP/06_bigwig/PASS_bw_LAP24_PAS/Treatment_3day_rep1.plus.bedgraph.normalized
#Total mapped reads number = 20069028; Normalized bedgraph coverage to read counts per million total read:
#write /compbio/data/ClaireMoore/cmoore_019.admera/processed/3_REAP/06_bigwig/PASS_bw_LAP24_PAS/Treatment_3day_rep1.minus.bedgraph.normalized
  [bw] PASS_bw_LAP24_PAS / Treatment_5day_rep2
#Total mapped reads number = 17768433; Normalized bedgraph coverage to read counts per million total read:
#write /compbio/data/ClaireMoore/cmoore_019.admera/processed/3_REAP/06_bigwig/PASS_bw_LAP24_PAS/Treatment_3day_rep2.plus.bedgraph.normalized
#Total mapped reads number = 17768433; Normalized bedgraph coverage to read counts per million total read:
#write /compbio/data/ClaireMoore/cmoore_019.admera/processed/3_REAP/06_bigwig/PASS_bw_LAP24_PAS/Treatment_3day_rep2.minus.bedgraph.normalized
  [bw] PASS_bw_LAP24_PAS / Treatment_5day_rep3
3-REAP_workflow.sh: line 312: /compbio/data/ClaireMoore/cmoore_019.admera/processed/3_REAP/05_LAP_PAS/Treatment_5day_rep3_PASS_bw_LAP24_PAS.bed: No such file or directory
sort: cannot read: /compbio/data/ClaireMoore/cmoore_019.admera/processed/3_REAP/05_LAP_PAS/Treatment_5day_rep3_PASS_bw_LAP24_PAS.bed: No such file or directory
#Total mapped reads number = 16916312; Normalized bedgraph coverage to read counts per million total read:
#write /compbio/data/ClaireMoore/cmoore_019.admera/processed/3_REAP/06_bigwig/PASS_bw_LAP24_PAS/Treatment_5day_rep1.plus.bedgraph.normalized
#Total mapped reads number = 16916312; Normalized bedgraph coverage to read counts per million total read:
#write /compbio/data/ClaireMoore/cmoore_019.admera/processed/3_REAP/06_bigwig/PASS_bw_LAP24_PAS/Treatment_5day_rep1.minus.bedgraph.normalized
  [bw] mapped_read / Control_3day_rep1
error, read length (-l) or total read number (-t) not defined
eg. norm_bedgraph.pl -t 9898819 -i "sham_a.m.bedgraph sham_a.p.bedgraph" -m "sham_a.m.bedgraph"
error, read length (-l) or total read number (-t) not defined
eg. norm_bedgraph.pl -t 9898819 -i "sham_a.m.bedgraph sham_a.p.bedgraph" -m "sham_a.m.bedgraph"
awk: fatal: cannot open file `/compbio/data/ClaireMoore/cmoore_019.admera/processed/3_REAP/06_bigwig/PASS_bw_LAP24_PAS/Treatment_5day_rep3.minus.bedgraph.normalized' for reading: No such file or directory
mustOpen: Can't open /compbio/data/ClaireMoore/cmoore_019.admera/processed/3_REAP/06_bigwig/PASS_bw_LAP24_PAS/Treatment_5day_rep3.plus.bedgraph.normalized to read: No such file or directory
mustOpen: Can't open /compbio/data/ClaireMoore/cmoore_019.admera/processed/3_REAP/06_bigwig/PASS_bw_LAP24_PAS/Treatment_5day_rep3.minus.bedgraph.normalized to read: No such file or directory
needLargeMem: trying to allocate 0 bytes (limit: 100000000000)
  [bw] mapped_read / Control_3day_rep2
#Total mapped reads number = 23162857; Normalized bedgraph coverage to read counts per million total read:
#write /compbio/data/ClaireMoore/cmoore_019.admera/processed/3_REAP/06_bigwig/PASS_bw_LAP24_PAS/Treatment_3day_rep3.plus.bedgraph.normalized
#Total mapped reads number = 23162857; Normalized bedgraph coverage to read counts per million total read:
#write /compbio/data/ClaireMoore/cmoore_019.admera/processed/3_REAP/06_bigwig/PASS_bw_LAP24_PAS/Treatment_3day_rep3.minus.bedgraph.normalized
  [bw] mapped_read / Control_3day_rep3
#Total mapped reads number = 19050802; Normalized bedgraph coverage to read counts per million total read:
#write /compbio/data/ClaireMoore/cmoore_019.admera/processed/3_REAP/06_bigwig/PASS_bw_LAP24_PAS/Treatment_5day_rep2.plus.bedgraph.normalized
#Total mapped reads number = 19050802; Normalized bedgraph coverage to read counts per million total read:
#write /compbio/data/ClaireMoore/cmoore_019.admera/processed/3_REAP/06_bigwig/PASS_bw_LAP24_PAS/Treatment_5day_rep2.minus.bedgraph.normalized
  [bw] mapped_read / Control_5day_rep1
#Total mapped reads number = 24442948; Normalized bedgraph coverage to read counts per million total read:
#write /compbio/data/ClaireMoore/cmoore_019.admera/processed/3_REAP/06_bigwig/mapped_read/Control_3day_rep2.plus.bedgraph.normalized
#Total mapped reads number = 24442948; Normalized bedgraph coverage to read counts per million total read:
#write /compbio/data/ClaireMoore/cmoore_019.admera/processed/3_REAP/06_bigwig/mapped_read/Control_3day_rep2.minus.bedgraph.normalized
#Total mapped reads number = 30983447; Normalized bedgraph coverage to read counts per million total read:
#write /compbio/data/ClaireMoore/cmoore_019.admera/processed/3_REAP/06_bigwig/mapped_read/Control_3day_rep1.plus.bedgraph.normalized
#Total mapped reads number = 30983447; Normalized bedgraph coverage to read counts per million total read:
#write /compbio/data/ClaireMoore/cmoore_019.admera/processed/3_REAP/06_bigwig/mapped_read/Control_3day_rep1.minus.bedgraph.normalized
  [bw] mapped_read / Control_5day_rep2
#Total mapped reads number = 27614350; Normalized bedgraph coverage to read counts per million total read:
#write /compbio/data/ClaireMoore/cmoore_019.admera/processed/3_REAP/06_bigwig/mapped_read/Control_3day_rep3.plus.bedgraph.normalized
#Total mapped reads number = 27614350; Normalized bedgraph coverage to read counts per million total read:
#write /compbio/data/ClaireMoore/cmoore_019.admera/processed/3_REAP/06_bigwig/mapped_read/Control_3day_rep3.minus.bedgraph.normalized
  [bw] mapped_read / Control_5day_rep3
  [bw] mapped_read / Treatment_3day_rep1
#Total mapped reads number = 29933904; Normalized bedgraph coverage to read counts per million total read:
#write /compbio/data/ClaireMoore/cmoore_019.admera/processed/3_REAP/06_bigwig/mapped_read/Control_5day_rep1.plus.bedgraph.normalized
#Total mapped reads number = 29933904; Normalized bedgraph coverage to read counts per million total read:
#write /compbio/data/ClaireMoore/cmoore_019.admera/processed/3_REAP/06_bigwig/mapped_read/Control_5day_rep1.minus.bedgraph.normalized
  [bw] mapped_read / Treatment_3day_rep2
#Total mapped reads number = 26207162; Normalized bedgraph coverage to read counts per million total read:
#write /compbio/data/ClaireMoore/cmoore_019.admera/processed/3_REAP/06_bigwig/mapped_read/Control_5day_rep3.plus.bedgraph.normalized
#Total mapped reads number = 26207162; Normalized bedgraph coverage to read counts per million total read:
#write /compbio/data/ClaireMoore/cmoore_019.admera/processed/3_REAP/06_bigwig/mapped_read/Control_5day_rep3.minus.bedgraph.normalized
#Total mapped reads number = 32691161; Normalized bedgraph coverage to read counts per million total read:
#write /compbio/data/ClaireMoore/cmoore_019.admera/processed/3_REAP/06_bigwig/mapped_read/Control_5day_rep2.plus.bedgraph.normalized
#Total mapped reads number = 32691161; Normalized bedgraph coverage to read counts per million total read:
#write /compbio/data/ClaireMoore/cmoore_019.admera/processed/3_REAP/06_bigwig/mapped_read/Control_5day_rep2.minus.bedgraph.normalized
  [bw] mapped_read / Treatment_3day_rep3
#Total mapped reads number = 25264510; Normalized bedgraph coverage to read counts per million total read:
#write /compbio/data/ClaireMoore/cmoore_019.admera/processed/3_REAP/06_bigwig/mapped_read/Treatment_3day_rep2.plus.bedgraph.normalized
#Total mapped reads number = 25264510; Normalized bedgraph coverage to read counts per million total read:
#write /compbio/data/ClaireMoore/cmoore_019.admera/processed/3_REAP/06_bigwig/mapped_read/Treatment_3day_rep2.minus.bedgraph.normalized
  [bw] mapped_read / Treatment_5day_rep1
  [bw] mapped_read / Treatment_5day_rep2
#Total mapped reads number = 30881868; Normalized bedgraph coverage to read counts per million total read:
#write /compbio/data/ClaireMoore/cmoore_019.admera/processed/3_REAP/06_bigwig/mapped_read/Treatment_3day_rep1.plus.bedgraph.normalized
#Total mapped reads number = 30881868; Normalized bedgraph coverage to read counts per million total read:
#write /compbio/data/ClaireMoore/cmoore_019.admera/processed/3_REAP/06_bigwig/mapped_read/Treatment_3day_rep1.minus.bedgraph.normalized
  [bw] mapped_read / Treatment_5day_rep3
3-REAP_workflow.sh: line 312: /compbio/data/ClaireMoore/cmoore_019.admera/processed/3_REAP/05_LAP_PAS/Treatment_5day_rep3_mapped_read.bed: No such file or directory
sort: cannot read: /compbio/data/ClaireMoore/cmoore_019.admera/processed/3_REAP/05_LAP_PAS/Treatment_5day_rep3_mapped_read.bed: No such file or directory
error, read length (-l) or total read number (-t) not defined
eg. norm_bedgraph.pl -t 9898819 -i "sham_a.m.bedgraph sham_a.p.bedgraph" -m "sham_a.m.bedgraph"
error, read length (-l) or total read number (-t) not defined
eg. norm_bedgraph.pl -t 9898819 -i "sham_a.m.bedgraph sham_a.p.bedgraph" -m "sham_a.m.bedgraph"
awk: fatal: cannot open file `/compbio/data/ClaireMoore/cmoore_019.admera/processed/3_REAP/06_bigwig/mapped_read/Treatment_5day_rep3.minus.bedgraph.normalized' for reading: No such file or directory
mustOpen: Can't open /compbio/data/ClaireMoore/cmoore_019.admera/processed/3_REAP/06_bigwig/mapped_read/Treatment_5day_rep3.plus.bedgraph.normalized to read: No such file or directory
mustOpen: Can't open /compbio/data/ClaireMoore/cmoore_019.admera/processed/3_REAP/06_bigwig/mapped_read/Treatment_5day_rep3.minus.bedgraph.normalized to read: No such file or directory
needLargeMem: trying to allocate 0 bytes (limit: 100000000000)
#Total mapped reads number = 25628139; Normalized bedgraph coverage to read counts per million total read:
#write /compbio/data/ClaireMoore/cmoore_019.admera/processed/3_REAP/06_bigwig/mapped_read/Treatment_5day_rep1.plus.bedgraph.normalized
#Total mapped reads number = 25628139; Normalized bedgraph coverage to read counts per million total read:
#write /compbio/data/ClaireMoore/cmoore_019.admera/processed/3_REAP/06_bigwig/mapped_read/Treatment_5day_rep1.minus.bedgraph.normalized
#Total mapped reads number = 29210687; Normalized bedgraph coverage to read counts per million total read:
#write /compbio/data/ClaireMoore/cmoore_019.admera/processed/3_REAP/06_bigwig/mapped_read/Treatment_5day_rep2.plus.bedgraph.normalized
#Total mapped reads number = 29210687; Normalized bedgraph coverage to read counts per million total read:
#write /compbio/data/ClaireMoore/cmoore_019.admera/processed/3_REAP/06_bigwig/mapped_read/Treatment_5day_rep2.minus.bedgraph.normalized
#Total mapped reads number = 33856900; Normalized bedgraph coverage to read counts per million total read:
#write /compbio/data/ClaireMoore/cmoore_019.admera/processed/3_REAP/06_bigwig/mapped_read/Treatment_3day_rep3.plus.bedgraph.normalized
#Total mapped reads number = 33856900; Normalized bedgraph coverage to read counts per million total read:
#write /compbio/data/ClaireMoore/cmoore_019.admera/processed/3_REAP/06_bigwig/mapped_read/Treatment_3day_rep3.minus.bedgraph.normalized

=== 3-REAP pipeline complete! ===
