Loading required package: BiocParallel
Loading required package: Biobase
Loading required package: BiocGenerics
Loading required package: generics

Attaching package: ‘generics’

The following objects are masked from ‘package:base’:

    as.difftime, as.factor, as.ordered, intersect, is.element, setdiff,
    setequal, union


Attaching package: ‘BiocGenerics’

The following objects are masked from ‘package:stats’:

    IQR, mad, sd, var, xtabs

The following objects are masked from ‘package:base’:

    anyDuplicated, aperm, append, as.data.frame, basename, cbind,
    colnames, dirname, do.call, duplicated, eval, evalq, Filter, Find,
    get, grep, grepl, is.unsorted, lapply, Map, mapply, match, mget,
    order, paste, pmax, pmax.int, pmin, pmin.int, Position, rank,
    rbind, Reduce, rownames, sapply, saveRDS, table, tapply, unique,
    unsplit, which.max, which.min

Welcome to Bioconductor

    Vignettes contain introductory material; view with
    'browseVignettes()'. To cite Bioconductor, see
    'citation("Biobase")', and for packages 'citation("pkgname")'.

Loading required package: SummarizedExperiment
Loading required package: MatrixGenerics
Loading required package: matrixStats

Attaching package: ‘matrixStats’

The following objects are masked from ‘package:Biobase’:

    anyMissing, rowMedians


Attaching package: ‘MatrixGenerics’

The following objects are masked from ‘package:matrixStats’:

    colAlls, colAnyNAs, colAnys, colAvgsPerRowSet, colCollapse,
    colCounts, colCummaxs, colCummins, colCumprods, colCumsums,
    colDiffs, colIQRDiffs, colIQRs, colLogSumExps, colMadDiffs,
    colMads, colMaxs, colMeans2, colMedians, colMins, colOrderStats,
    colProds, colQuantiles, colRanges, colRanks, colSdDiffs, colSds,
    colSums2, colTabulates, colVarDiffs, colVars, colWeightedMads,
    colWeightedMeans, colWeightedMedians, colWeightedSds,
    colWeightedVars, rowAlls, rowAnyNAs, rowAnys, rowAvgsPerColSet,
    rowCollapse, rowCounts, rowCummaxs, rowCummins, rowCumprods,
    rowCumsums, rowDiffs, rowIQRDiffs, rowIQRs, rowLogSumExps,
    rowMadDiffs, rowMads, rowMaxs, rowMeans2, rowMedians, rowMins,
    rowOrderStats, rowProds, rowQuantiles, rowRanges, rowRanks,
    rowSdDiffs, rowSds, rowSums2, rowTabulates, rowVarDiffs, rowVars,
    rowWeightedMads, rowWeightedMeans, rowWeightedMedians,
    rowWeightedSds, rowWeightedVars

The following object is masked from ‘package:Biobase’:

    rowMedians

Loading required package: GenomicRanges
Loading required package: stats4
Loading required package: S4Vectors

Attaching package: ‘S4Vectors’

The following object is masked from ‘package:utils’:

    findMatches

The following objects are masked from ‘package:base’:

    expand.grid, I, unname

Loading required package: IRanges
Loading required package: Seqinfo
Loading required package: DESeq2
Loading required package: AnnotationDbi
Registered S3 method overwritten by 'bit64':
  method          from 
  print.bitstring tools

Attaching package: ‘limma’

The following object is masked from ‘package:DEXSeq’:

    plotMA

The following object is masked from ‘package:DESeq2’:

    plotMA

The following object is masked from ‘package:BiocGenerics’:

    plotMA


Attaching package: ‘dplyr’

The following object is masked from ‘package:AnnotationDbi’:

    select

The following objects are masked from ‘package:GenomicRanges’:

    intersect, setdiff, union

The following object is masked from ‘package:Seqinfo’:

    intersect

The following objects are masked from ‘package:IRanges’:

    collapse, desc, intersect, setdiff, slice, union

The following objects are masked from ‘package:S4Vectors’:

    first, intersect, rename, setdiff, setequal, union

The following object is masked from ‘package:matrixStats’:

    count

The following object is masked from ‘package:Biobase’:

    combine

The following objects are masked from ‘package:BiocGenerics’:

    combine, intersect, setdiff, setequal, union

The following object is masked from ‘package:generics’:

    explain

The following objects are masked from ‘package:stats’:

    filter, lag

The following objects are masked from ‘package:base’:

    intersect, setdiff, setequal, union


Attaching package: ‘tidyr’

The following object is masked from ‘package:S4Vectors’:

    expand

Reading count matrix...
Reading PAS annotation...
PolyA_DB v4.1 format detected: parsing coordinates from PAS_ID.
Reading transcript annotation (GTF) for APA genome-map figures...
--- Pre-analysis QC ---
=== Axis 'by_timepoint' (condition: Treatment vs Control, stratified by timepoint) ===
[by_timepoint] Running DEXSeq analyses...
[cache] No valid cache for 'dexseq_by_timepoint_3day' -- computing.
[by_timepoint/3day] Subsetting samples...
[by_timepoint/3day] Creating DEXSeqDataSet (design: ~sample + exon + condition:exon)...
converting counts to integer mode
[by_timepoint/3day] Filtering low-count PAS...
[by_timepoint/3day] Normalizing and testing (32530 PAS, 7519 genes)...
[by_timepoint/3day] Building results table...
[by_timepoint/3day] Assigning usage direction...
[by_timepoint/3day] Adding normalized counts...
[cache] No valid cache for 'dexseq_by_timepoint_5day' -- computing.
[by_timepoint/5day] Subsetting samples...
[by_timepoint/5day] Creating DEXSeqDataSet (design: ~sample + exon + condition:exon)...
converting counts to integer mode
[by_timepoint/5day] Filtering low-count PAS...
[by_timepoint/5day] Normalizing and testing (32355 PAS, 7515 genes)...
[by_timepoint/5day] Building results table...
[by_timepoint/5day] Assigning usage direction...
[by_timepoint/5day] Adding normalized counts...
[by_timepoint] Running gene-level DGE...
[cache] No valid cache for 'genedge_by_timepoint_3day' -- computing.
[cache] No valid cache for 'genedge_by_timepoint_5day' -- computing.
[by_timepoint] Post-analysis QC plots...
[by_timepoint] Exporting results...
[by_timepoint] Building gene-level summary and candidate-gene list...
[by_timepoint] Plotting APA genome-map figures...
=== Axis 'by_treatment' (timepoint: 5day vs 3day, stratified by condition) ===
[by_treatment] Running DEXSeq analyses...
[cache] No valid cache for 'dexseq_by_treatment_Control' -- computing.
[by_treatment/Control] Subsetting samples...
[by_treatment/Control] Creating DEXSeqDataSet (design: ~sample + exon + timepoint:exon)...
converting counts to integer mode
[by_treatment/Control] Filtering low-count PAS...
[by_treatment/Control] Normalizing and testing (32379 PAS, 7507 genes)...
[by_treatment/Control] Building results table...
[by_treatment/Control] Assigning usage direction...
[by_treatment/Control] Adding normalized counts...
[cache] No valid cache for 'dexseq_by_treatment_Treatment' -- computing.
[by_treatment/Treatment] Subsetting samples...
[by_treatment/Treatment] Creating DEXSeqDataSet (design: ~sample + exon + timepoint:exon)...
converting counts to integer mode
[by_treatment/Treatment] Filtering low-count PAS...
[by_treatment/Treatment] Normalizing and testing (33091 PAS, 7623 genes)...
[by_treatment/Treatment] Building results table...
[by_treatment/Treatment] Assigning usage direction...
[by_treatment/Treatment] Adding normalized counts...
[by_treatment] Running gene-level DGE...
[cache] No valid cache for 'genedge_by_treatment_Control' -- computing.
[cache] No valid cache for 'genedge_by_treatment_Treatment' -- computing.
[by_treatment] Post-analysis QC plots...
[by_treatment] Exporting results...
[by_treatment] Building gene-level summary and candidate-gene list...
[by_treatment] Plotting APA genome-map figures...
There were 20 warnings (use warnings() to see them)
Done. Outputs written to: /compbio/analysis/ClaireMoore/cmoore_019.admera/output/DEXseq/
