Starting 3-REAP pipeline...
Step 2: Adapter and polyA/polyT trimming
Skipping Control_3day_rep1 read 1 (already trimmed)
Skipping Control_3day_rep2 read 1 (already trimmed)
Skipping Control_3day_rep3 read 1 (already trimmed)
Skipping Control_5day_rep1 read 1 (already trimmed)
Skipping Control_5day_rep2 read 1 (already trimmed)
Skipping Control_5day_rep3 read 1 (already trimmed)
Skipping Treatment_3day_rep1 read 1 (already trimmed)
Skipping Treatment_3day_rep2 read 1 (already trimmed)
Skipping Treatment_3day_rep3 read 1 (already trimmed)
Skipping Treatment_5day_rep1 read 1 (already trimmed)
Skipping Treatment_5day_rep2 read 1 (already trimmed)
Skipping Treatment_5day_rep3 read 1 (already trimmed)
Skipping Control_3day_rep1 read 2 (already trimmed)
Skipping Control_3day_rep2 read 2 (already trimmed)
Skipping Control_3day_rep3 read 2 (already trimmed)
Skipping Control_5day_rep1 read 2 (already trimmed)
Skipping Control_5day_rep2 read 2 (already trimmed)
Skipping Control_5day_rep3 read 2 (already trimmed)
Skipping Treatment_3day_rep1 read 2 (already trimmed)
Skipping Treatment_3day_rep2 read 2 (already trimmed)
Skipping Treatment_3day_rep3 read 2 (already trimmed)
Skipping Treatment_5day_rep1 read 2 (already trimmed)
Skipping Treatment_5day_rep3 read 2 (already trimmed)
Skipping Treatment_5day_rep2 read 2 (already trimmed)
Step 3: Repair read pairs and align with STAR
Starting: Control_3day_rep1
Starting: Control_3day_rep2
Starting: Control_3day_rep3
Starting: Control_5day_rep1
Starting: Control_5day_rep2
Skipping Control_3day_rep1 (already repaired and aligned)
Skipping Control_3day_rep2 (already repaired and aligned)
Skipping Control_5day_rep1 (already repaired and aligned)
Skipping Control_3day_rep3 (already repaired and aligned)
Starting: Control_5day_rep3
Starting: Treatment_3day_rep1
Starting: Treatment_3day_rep2
Skipping Control_5day_rep2 (already repaired and aligned)
Starting: Treatment_3day_rep3
Skipping Control_5day_rep3 (already repaired and aligned)
Starting: Treatment_5day_rep1
Starting: Treatment_5day_rep2
Skipping Treatment_3day_rep1 (already repaired and aligned)
Skipping Treatment_3day_rep2 (already repaired and aligned)
Skipping Treatment_3day_rep3 (already repaired and aligned)
Starting: Treatment_5day_rep3
Skipping Treatment_5day_rep2 (already repaired and aligned)
Skipping Treatment_5day_rep1 (already repaired and aligned)
Skipping Treatment_5day_rep3 (already repaired and aligned)
Compiling STAR alignment statistics...
Step 4: Deduplication
Skipping symlink for Control_3day_rep2 (already exists)
Skipping symlink for Control_3day_rep1 (already exists)
Skipping symlink for Control_5day_rep1 (already exists)
Skipping symlink for Control_3day_rep3 (already exists)
Skipping symlink for Control_5day_rep2 (already exists)
Skipping symlink for Treatment_3day_rep2 (already exists)
Skipping symlink for Treatment_3day_rep1 (already exists)
Skipping symlink for Control_5day_rep3 (already exists)
Skipping symlink for Treatment_5day_rep1 (already exists)
Skipping symlink for Treatment_5day_rep2 (already exists)
Skipping symlink for Treatment_3day_rep3 (already exists)
Skipping symlink for Treatment_5day_rep3 (already exists)
Step 5: Convert BAM to BED
Skipping Control_3day_rep1 (BED already exists)
Skipping Control_3day_rep2 (BED already exists)
Skipping Control_3day_rep3 (BED already exists)
Skipping Control_5day_rep1 (BED already exists)
Skipping Control_5day_rep2 (BED already exists)
Skipping Control_5day_rep3 (BED already exists)
Skipping Treatment_3day_rep2 (BED already exists)
Skipping Treatment_3day_rep1 (BED already exists)
Skipping Treatment_3day_rep3 (BED already exists)
Skipping Treatment_5day_rep1 (BED already exists)
Skipping Treatment_5day_rep2 (BED already exists)
Skipping Treatment_5day_rep3 (BED already exists)
Step 6: LAP/PAS analysis
Skipping Step 6 (PAS/LAP output already exists)
Step 7: Generate bigWig tracks
Working on PASS_bw_LAP24...
Working on Control_3day_rep1...
for file Control_3day_rep1_PASS_bw.bed, TotalReadNum=20437667
Generate bedgraph files for + and - strands...
Normalize bedgraph counts...
#Total mapped reads number = 20437667; Normalized bedgraph coverage to read counts per million total read:
#write Control_3day_rep1.plus.bedgraph.normalized
#Total mapped reads number = 20437667; Normalized bedgraph coverage to read counts per million total read:
#write Control_3day_rep1.minus.bedgraph.normalized
Convert to bigwig file...
Working on Control_3day_rep2...
for file Control_3day_rep2_PASS_bw.bed, TotalReadNum=16625591
Generate bedgraph files for + and - strands...
Normalize bedgraph counts...
#Total mapped reads number = 16625591; Normalized bedgraph coverage to read counts per million total read:
#write Control_3day_rep2.plus.bedgraph.normalized
#Total mapped reads number = 16625591; Normalized bedgraph coverage to read counts per million total read:
#write Control_3day_rep2.minus.bedgraph.normalized
Convert to bigwig file...
Working on Control_3day_rep3...
for file Control_3day_rep3_PASS_bw.bed, TotalReadNum=18576131
Generate bedgraph files for + and - strands...
Normalize bedgraph counts...
#Total mapped reads number = 18576131; Normalized bedgraph coverage to read counts per million total read:
#write Control_3day_rep3.plus.bedgraph.normalized
#Total mapped reads number = 18576131; Normalized bedgraph coverage to read counts per million total read:
#write Control_3day_rep3.minus.bedgraph.normalized
Convert to bigwig file...
Working on Control_5day_rep1...
for file Control_5day_rep1_PASS_bw.bed, TotalReadNum=20655319
Generate bedgraph files for + and - strands...
Normalize bedgraph counts...
#Total mapped reads number = 20655319; Normalized bedgraph coverage to read counts per million total read:
#write Control_5day_rep1.plus.bedgraph.normalized
#Total mapped reads number = 20655319; Normalized bedgraph coverage to read counts per million total read:
#write Control_5day_rep1.minus.bedgraph.normalized
Convert to bigwig file...
Working on Control_5day_rep2...
for file Control_5day_rep2_PASS_bw.bed, TotalReadNum=21585028
Generate bedgraph files for + and - strands...
Normalize bedgraph counts...
#Total mapped reads number = 21585028; Normalized bedgraph coverage to read counts per million total read:
#write Control_5day_rep2.plus.bedgraph.normalized
#Total mapped reads number = 21585028; Normalized bedgraph coverage to read counts per million total read:
#write Control_5day_rep2.minus.bedgraph.normalized
Convert to bigwig file...
Working on Control_5day_rep3...
for file Control_5day_rep3_PASS_bw.bed, TotalReadNum=17766318
Generate bedgraph files for + and - strands...
Normalize bedgraph counts...
#Total mapped reads number = 17766318; Normalized bedgraph coverage to read counts per million total read:
#write Control_5day_rep3.plus.bedgraph.normalized
#Total mapped reads number = 17766318; Normalized bedgraph coverage to read counts per million total read:
#write Control_5day_rep3.minus.bedgraph.normalized
Convert to bigwig file...
Working on Treatment_3day_rep1...
for file Treatment_3day_rep1_PASS_bw.bed, TotalReadNum=20172880
Generate bedgraph files for + and - strands...
Normalize bedgraph counts...
#Total mapped reads number = 20172880; Normalized bedgraph coverage to read counts per million total read:
#write Treatment_3day_rep1.plus.bedgraph.normalized
#Total mapped reads number = 20172880; Normalized bedgraph coverage to read counts per million total read:
#write Treatment_3day_rep1.minus.bedgraph.normalized
Convert to bigwig file...
Working on Treatment_3day_rep2...
for file Treatment_3day_rep2_PASS_bw.bed, TotalReadNum=18027949
Generate bedgraph files for + and - strands...
Normalize bedgraph counts...
#Total mapped reads number = 18027949; Normalized bedgraph coverage to read counts per million total read:
#write Treatment_3day_rep2.plus.bedgraph.normalized
#Total mapped reads number = 18027949; Normalized bedgraph coverage to read counts per million total read:
#write Treatment_3day_rep2.minus.bedgraph.normalized
Convert to bigwig file...
Working on Treatment_3day_rep3...
for file Treatment_3day_rep3_PASS_bw.bed, TotalReadNum=23329054
Generate bedgraph files for + and - strands...
Normalize bedgraph counts...
#Total mapped reads number = 23329054; Normalized bedgraph coverage to read counts per million total read:
#write Treatment_3day_rep3.plus.bedgraph.normalized
#Total mapped reads number = 23329054; Normalized bedgraph coverage to read counts per million total read:
#write Treatment_3day_rep3.minus.bedgraph.normalized
Convert to bigwig file...
Working on Treatment_5day_rep1...
for file Treatment_5day_rep1_PASS_bw.bed, TotalReadNum=16989865
Generate bedgraph files for + and - strands...
Normalize bedgraph counts...
#Total mapped reads number = 16989865; Normalized bedgraph coverage to read counts per million total read:
#write Treatment_5day_rep1.plus.bedgraph.normalized
#Total mapped reads number = 16989865; Normalized bedgraph coverage to read counts per million total read:
#write Treatment_5day_rep1.minus.bedgraph.normalized
Convert to bigwig file...
Working on Treatment_5day_rep2...
for file Treatment_5day_rep2_PASS_bw.bed, TotalReadNum=19127306
Generate bedgraph files for + and - strands...
Normalize bedgraph counts...
#Total mapped reads number = 19127306; Normalized bedgraph coverage to read counts per million total read:
#write Treatment_5day_rep2.plus.bedgraph.normalized
#Total mapped reads number = 19127306; Normalized bedgraph coverage to read counts per million total read:
#write Treatment_5day_rep2.minus.bedgraph.normalized
Convert to bigwig file...
Working on Treatment_5day_rep3...
for file Treatment_5day_rep3_PASS_bw.bed, TotalReadNum=39244621
Generate bedgraph files for + and - strands...
Normalize bedgraph counts...
#Total mapped reads number = 39244621; Normalized bedgraph coverage to read counts per million total read:
#write Treatment_5day_rep3.plus.bedgraph.normalized
#Total mapped reads number = 39244621; Normalized bedgraph coverage to read counts per million total read:
#write Treatment_5day_rep3.minus.bedgraph.normalized
Convert to bigwig file...
Working on PASS_bw_LAP24_positon...
Working on Control_3day_rep1...
for file Control_3day_rep1_PASS_bw.bed, TotalReadNum=20437667
Generate bedgraph files for + and - strands...
Normalize bedgraph counts...
#Total mapped reads number = 20437667; Normalized bedgraph coverage to read counts per million total read:
#write Control_3day_rep1.plus.bedgraph.normalized
#Total mapped reads number = 20437667; Normalized bedgraph coverage to read counts per million total read:
#write Control_3day_rep1.minus.bedgraph.normalized
Convert to bigwig file...
Working on Control_3day_rep2...
for file Control_3day_rep2_PASS_bw.bed, TotalReadNum=16625591
Generate bedgraph files for + and - strands...
Normalize bedgraph counts...
#Total mapped reads number = 16625591; Normalized bedgraph coverage to read counts per million total read:
#write Control_3day_rep2.plus.bedgraph.normalized
#Total mapped reads number = 16625591; Normalized bedgraph coverage to read counts per million total read:
#write Control_3day_rep2.minus.bedgraph.normalized
Convert to bigwig file...
Working on Control_3day_rep3...
for file Control_3day_rep3_PASS_bw.bed, TotalReadNum=18576131
Generate bedgraph files for + and - strands...
Normalize bedgraph counts...
#Total mapped reads number = 18576131; Normalized bedgraph coverage to read counts per million total read:
#write Control_3day_rep3.plus.bedgraph.normalized
#Total mapped reads number = 18576131; Normalized bedgraph coverage to read counts per million total read:
#write Control_3day_rep3.minus.bedgraph.normalized
Convert to bigwig file...
Working on Control_5day_rep1...
for file Control_5day_rep1_PASS_bw.bed, TotalReadNum=20655319
Generate bedgraph files for + and - strands...
Normalize bedgraph counts...
#Total mapped reads number = 20655319; Normalized bedgraph coverage to read counts per million total read:
#write Control_5day_rep1.plus.bedgraph.normalized
#Total mapped reads number = 20655319; Normalized bedgraph coverage to read counts per million total read:
#write Control_5day_rep1.minus.bedgraph.normalized
Convert to bigwig file...
Working on Control_5day_rep2...
for file Control_5day_rep2_PASS_bw.bed, TotalReadNum=21585028
Generate bedgraph files for + and - strands...
Normalize bedgraph counts...
#Total mapped reads number = 21585028; Normalized bedgraph coverage to read counts per million total read:
#write Control_5day_rep2.plus.bedgraph.normalized
#Total mapped reads number = 21585028; Normalized bedgraph coverage to read counts per million total read:
#write Control_5day_rep2.minus.bedgraph.normalized
Convert to bigwig file...
Working on Control_5day_rep3...
for file Control_5day_rep3_PASS_bw.bed, TotalReadNum=17766318
Generate bedgraph files for + and - strands...
Normalize bedgraph counts...
#Total mapped reads number = 17766318; Normalized bedgraph coverage to read counts per million total read:
#write Control_5day_rep3.plus.bedgraph.normalized
#Total mapped reads number = 17766318; Normalized bedgraph coverage to read counts per million total read:
#write Control_5day_rep3.minus.bedgraph.normalized
Convert to bigwig file...
Working on Treatment_3day_rep1...
for file Treatment_3day_rep1_PASS_bw.bed, TotalReadNum=20172880
Generate bedgraph files for + and - strands...
Normalize bedgraph counts...
#Total mapped reads number = 20172880; Normalized bedgraph coverage to read counts per million total read:
#write Treatment_3day_rep1.plus.bedgraph.normalized
#Total mapped reads number = 20172880; Normalized bedgraph coverage to read counts per million total read:
#write Treatment_3day_rep1.minus.bedgraph.normalized
Convert to bigwig file...
Working on Treatment_3day_rep2...
for file Treatment_3day_rep2_PASS_bw.bed, TotalReadNum=18027949
Generate bedgraph files for + and - strands...
Normalize bedgraph counts...
#Total mapped reads number = 18027949; Normalized bedgraph coverage to read counts per million total read:
#write Treatment_3day_rep2.plus.bedgraph.normalized
#Total mapped reads number = 18027949; Normalized bedgraph coverage to read counts per million total read:
#write Treatment_3day_rep2.minus.bedgraph.normalized
Convert to bigwig file...
Working on Treatment_3day_rep3...
for file Treatment_3day_rep3_PASS_bw.bed, TotalReadNum=23329054
Generate bedgraph files for + and - strands...
Normalize bedgraph counts...
#Total mapped reads number = 23329054; Normalized bedgraph coverage to read counts per million total read:
#write Treatment_3day_rep3.plus.bedgraph.normalized
#Total mapped reads number = 23329054; Normalized bedgraph coverage to read counts per million total read:
#write Treatment_3day_rep3.minus.bedgraph.normalized
Convert to bigwig file...
Working on Treatment_5day_rep1...
for file Treatment_5day_rep1_PASS_bw.bed, TotalReadNum=16989865
Generate bedgraph files for + and - strands...
Normalize bedgraph counts...
#Total mapped reads number = 16989865; Normalized bedgraph coverage to read counts per million total read:
#write Treatment_5day_rep1.plus.bedgraph.normalized
#Total mapped reads number = 16989865; Normalized bedgraph coverage to read counts per million total read:
#write Treatment_5day_rep1.minus.bedgraph.normalized
Convert to bigwig file...
Working on Treatment_5day_rep2...
for file Treatment_5day_rep2_PASS_bw.bed, TotalReadNum=19127306
Generate bedgraph files for + and - strands...
Normalize bedgraph counts...
#Total mapped reads number = 19127306; Normalized bedgraph coverage to read counts per million total read:
#write Treatment_5day_rep2.plus.bedgraph.normalized
#Total mapped reads number = 19127306; Normalized bedgraph coverage to read counts per million total read:
#write Treatment_5day_rep2.minus.bedgraph.normalized
Convert to bigwig file...
Working on Treatment_5day_rep3...
for file Treatment_5day_rep3_PASS_bw.bed, TotalReadNum=39244621
Generate bedgraph files for + and - strands...
Normalize bedgraph counts...
#Total mapped reads number = 39244621; Normalized bedgraph coverage to read counts per million total read:
#write Treatment_5day_rep3.plus.bedgraph.normalized
#Total mapped reads number = 39244621; Normalized bedgraph coverage to read counts per million total read:
#write Treatment_5day_rep3.minus.bedgraph.normalized
Convert to bigwig file...
Working on PASS_bw_LAP24_PAS...
Working on Control_3day_rep1...
for file Control_3day_rep1_PASS_bw.bed, TotalReadNum=20437667
Generate bedgraph files for + and - strands...
Normalize bedgraph counts...
#Total mapped reads number = 20437667; Normalized bedgraph coverage to read counts per million total read:
#write Control_3day_rep1.plus.bedgraph.normalized
#Total mapped reads number = 20437667; Normalized bedgraph coverage to read counts per million total read:
#write Control_3day_rep1.minus.bedgraph.normalized
Convert to bigwig file...
Working on Control_3day_rep2...
for file Control_3day_rep2_PASS_bw.bed, TotalReadNum=16625591
Generate bedgraph files for + and - strands...
Normalize bedgraph counts...
#Total mapped reads number = 16625591; Normalized bedgraph coverage to read counts per million total read:
#write Control_3day_rep2.plus.bedgraph.normalized
#Total mapped reads number = 16625591; Normalized bedgraph coverage to read counts per million total read:
#write Control_3day_rep2.minus.bedgraph.normalized
Convert to bigwig file...
Working on Control_3day_rep3...
for file Control_3day_rep3_PASS_bw.bed, TotalReadNum=18576131
Generate bedgraph files for + and - strands...
Normalize bedgraph counts...
#Total mapped reads number = 18576131; Normalized bedgraph coverage to read counts per million total read:
#write Control_3day_rep3.plus.bedgraph.normalized
#Total mapped reads number = 18576131; Normalized bedgraph coverage to read counts per million total read:
#write Control_3day_rep3.minus.bedgraph.normalized
Convert to bigwig file...
Working on Control_5day_rep1...
for file Control_5day_rep1_PASS_bw.bed, TotalReadNum=20655319
Generate bedgraph files for + and - strands...
Normalize bedgraph counts...
#Total mapped reads number = 20655319; Normalized bedgraph coverage to read counts per million total read:
#write Control_5day_rep1.plus.bedgraph.normalized
#Total mapped reads number = 20655319; Normalized bedgraph coverage to read counts per million total read:
#write Control_5day_rep1.minus.bedgraph.normalized
Convert to bigwig file...
Working on Control_5day_rep2...
for file Control_5day_rep2_PASS_bw.bed, TotalReadNum=21585028
Generate bedgraph files for + and - strands...
Normalize bedgraph counts...
#Total mapped reads number = 21585028; Normalized bedgraph coverage to read counts per million total read:
#write Control_5day_rep2.plus.bedgraph.normalized
#Total mapped reads number = 21585028; Normalized bedgraph coverage to read counts per million total read:
#write Control_5day_rep2.minus.bedgraph.normalized
Convert to bigwig file...
Working on Control_5day_rep3...
for file Control_5day_rep3_PASS_bw.bed, TotalReadNum=17766318
Generate bedgraph files for + and - strands...
Normalize bedgraph counts...
#Total mapped reads number = 17766318; Normalized bedgraph coverage to read counts per million total read:
#write Control_5day_rep3.plus.bedgraph.normalized
#Total mapped reads number = 17766318; Normalized bedgraph coverage to read counts per million total read:
#write Control_5day_rep3.minus.bedgraph.normalized
Convert to bigwig file...
Working on Treatment_3day_rep1...
for file Treatment_3day_rep1_PASS_bw.bed, TotalReadNum=20172880
Generate bedgraph files for + and - strands...
Normalize bedgraph counts...
#Total mapped reads number = 20172880; Normalized bedgraph coverage to read counts per million total read:
#write Treatment_3day_rep1.plus.bedgraph.normalized
#Total mapped reads number = 20172880; Normalized bedgraph coverage to read counts per million total read:
#write Treatment_3day_rep1.minus.bedgraph.normalized
Convert to bigwig file...
Working on Treatment_3day_rep2...
for file Treatment_3day_rep2_PASS_bw.bed, TotalReadNum=18027949
Generate bedgraph files for + and - strands...
Normalize bedgraph counts...
#Total mapped reads number = 18027949; Normalized bedgraph coverage to read counts per million total read:
#write Treatment_3day_rep2.plus.bedgraph.normalized
#Total mapped reads number = 18027949; Normalized bedgraph coverage to read counts per million total read:
#write Treatment_3day_rep2.minus.bedgraph.normalized
Convert to bigwig file...
Working on Treatment_3day_rep3...
for file Treatment_3day_rep3_PASS_bw.bed, TotalReadNum=23329054
Generate bedgraph files for + and - strands...
Normalize bedgraph counts...
#Total mapped reads number = 23329054; Normalized bedgraph coverage to read counts per million total read:
#write Treatment_3day_rep3.plus.bedgraph.normalized
#Total mapped reads number = 23329054; Normalized bedgraph coverage to read counts per million total read:
#write Treatment_3day_rep3.minus.bedgraph.normalized
Convert to bigwig file...
Working on Treatment_5day_rep1...
for file Treatment_5day_rep1_PASS_bw.bed, TotalReadNum=16989865
Generate bedgraph files for + and - strands...
Normalize bedgraph counts...
#Total mapped reads number = 16989865; Normalized bedgraph coverage to read counts per million total read:
#write Treatment_5day_rep1.plus.bedgraph.normalized
#Total mapped reads number = 16989865; Normalized bedgraph coverage to read counts per million total read:
#write Treatment_5day_rep1.minus.bedgraph.normalized
Convert to bigwig file...
Working on Treatment_5day_rep2...
for file Treatment_5day_rep2_PASS_bw.bed, TotalReadNum=19127306
Generate bedgraph files for + and - strands...
Normalize bedgraph counts...
#Total mapped reads number = 19127306; Normalized bedgraph coverage to read counts per million total read:
#write Treatment_5day_rep2.plus.bedgraph.normalized
#Total mapped reads number = 19127306; Normalized bedgraph coverage to read counts per million total read:
#write Treatment_5day_rep2.minus.bedgraph.normalized
Convert to bigwig file...
Working on Treatment_5day_rep3...
for file Treatment_5day_rep3_PASS_bw.bed, TotalReadNum=39244621
Generate bedgraph files for + and - strands...
Normalize bedgraph counts...
#Total mapped reads number = 39244621; Normalized bedgraph coverage to read counts per million total read:
#write Treatment_5day_rep3.plus.bedgraph.normalized
#Total mapped reads number = 39244621; Normalized bedgraph coverage to read counts per million total read:
#write Treatment_5day_rep3.minus.bedgraph.normalized
Convert to bigwig file...
Working on mapped_read...
Working on Control_3day_rep1...
for file Control_3day_rep1_PASS_bw.bed, TotalReadNum=30983447
Generate bedgraph files for + and - strands...
Normalize bedgraph counts...
#Total mapped reads number = 30983447; Normalized bedgraph coverage to read counts per million total read:
#write Control_3day_rep1.plus.bedgraph.normalized
#Total mapped reads number = 30983447; Normalized bedgraph coverage to read counts per million total read:
#write Control_3day_rep1.minus.bedgraph.normalized
Convert to bigwig file...
Working on Control_3day_rep2...
for file Control_3day_rep2_PASS_bw.bed, TotalReadNum=24442948
Generate bedgraph files for + and - strands...
Normalize bedgraph counts...
#Total mapped reads number = 24442948; Normalized bedgraph coverage to read counts per million total read:
#write Control_3day_rep2.plus.bedgraph.normalized
#Total mapped reads number = 24442948; Normalized bedgraph coverage to read counts per million total read:
#write Control_3day_rep2.minus.bedgraph.normalized
Convert to bigwig file...
Working on Control_3day_rep3...
for file Control_3day_rep3_PASS_bw.bed, TotalReadNum=27614350
Generate bedgraph files for + and - strands...
Normalize bedgraph counts...
#Total mapped reads number = 27614350; Normalized bedgraph coverage to read counts per million total read:
#write Control_3day_rep3.plus.bedgraph.normalized
#Total mapped reads number = 27614350; Normalized bedgraph coverage to read counts per million total read:
#write Control_3day_rep3.minus.bedgraph.normalized
Convert to bigwig file...
Working on Control_5day_rep1...
for file Control_5day_rep1_PASS_bw.bed, TotalReadNum=29933904
Generate bedgraph files for + and - strands...
Normalize bedgraph counts...
#Total mapped reads number = 29933904; Normalized bedgraph coverage to read counts per million total read:
#write Control_5day_rep1.plus.bedgraph.normalized
#Total mapped reads number = 29933904; Normalized bedgraph coverage to read counts per million total read:
#write Control_5day_rep1.minus.bedgraph.normalized
Convert to bigwig file...
Working on Control_5day_rep2...
for file Control_5day_rep2_PASS_bw.bed, TotalReadNum=32691161
Generate bedgraph files for + and - strands...
Normalize bedgraph counts...
#Total mapped reads number = 32691161; Normalized bedgraph coverage to read counts per million total read:
#write Control_5day_rep2.plus.bedgraph.normalized
#Total mapped reads number = 32691161; Normalized bedgraph coverage to read counts per million total read:
#write Control_5day_rep2.minus.bedgraph.normalized
Convert to bigwig file...
Working on Control_5day_rep3...
for file Control_5day_rep3_PASS_bw.bed, TotalReadNum=26207162
Generate bedgraph files for + and - strands...
Normalize bedgraph counts...
#Total mapped reads number = 26207162; Normalized bedgraph coverage to read counts per million total read:
#write Control_5day_rep3.plus.bedgraph.normalized
#Total mapped reads number = 26207162; Normalized bedgraph coverage to read counts per million total read:
#write Control_5day_rep3.minus.bedgraph.normalized
Convert to bigwig file...
Working on Treatment_3day_rep1...
for file Treatment_3day_rep1_PASS_bw.bed, TotalReadNum=30881868
Generate bedgraph files for + and - strands...
Normalize bedgraph counts...
#Total mapped reads number = 30881868; Normalized bedgraph coverage to read counts per million total read:
#write Treatment_3day_rep1.plus.bedgraph.normalized
#Total mapped reads number = 30881868; Normalized bedgraph coverage to read counts per million total read:
#write Treatment_3day_rep1.minus.bedgraph.normalized
Convert to bigwig file...
Working on Treatment_3day_rep2...
for file Treatment_3day_rep2_PASS_bw.bed, TotalReadNum=25264510
Generate bedgraph files for + and - strands...
Normalize bedgraph counts...
#Total mapped reads number = 25264510; Normalized bedgraph coverage to read counts per million total read:
#write Treatment_3day_rep2.plus.bedgraph.normalized
#Total mapped reads number = 25264510; Normalized bedgraph coverage to read counts per million total read:
#write Treatment_3day_rep2.minus.bedgraph.normalized
Convert to bigwig file...
Working on Treatment_3day_rep3...
for file Treatment_3day_rep3_PASS_bw.bed, TotalReadNum=33856900
Generate bedgraph files for + and - strands...
Normalize bedgraph counts...
#Total mapped reads number = 33856900; Normalized bedgraph coverage to read counts per million total read:
#write Treatment_3day_rep3.plus.bedgraph.normalized
#Total mapped reads number = 33856900; Normalized bedgraph coverage to read counts per million total read:
#write Treatment_3day_rep3.minus.bedgraph.normalized
Convert to bigwig file...
Working on Treatment_5day_rep1...
for file Treatment_5day_rep1_PASS_bw.bed, TotalReadNum=25628139
Generate bedgraph files for + and - strands...
Normalize bedgraph counts...
#Total mapped reads number = 25628139; Normalized bedgraph coverage to read counts per million total read:
#write Treatment_5day_rep1.plus.bedgraph.normalized
#Total mapped reads number = 25628139; Normalized bedgraph coverage to read counts per million total read:
#write Treatment_5day_rep1.minus.bedgraph.normalized
Convert to bigwig file...
Working on Treatment_5day_rep2...
for file Treatment_5day_rep2_PASS_bw.bed, TotalReadNum=29210687
Generate bedgraph files for + and - strands...
Normalize bedgraph counts...
#Total mapped reads number = 29210687; Normalized bedgraph coverage to read counts per million total read:
#write Treatment_5day_rep2.plus.bedgraph.normalized
#Total mapped reads number = 29210687; Normalized bedgraph coverage to read counts per million total read:
#write Treatment_5day_rep2.minus.bedgraph.normalized
Convert to bigwig file...
Working on Treatment_5day_rep3...
for file Treatment_5day_rep3_PASS_bw.bed, TotalReadNum=72678435
Generate bedgraph files for + and - strands...
Normalize bedgraph counts...
#Total mapped reads number = 72678435; Normalized bedgraph coverage to read counts per million total read:
#write Treatment_5day_rep3.plus.bedgraph.normalized
#Total mapped reads number = 72678435; Normalized bedgraph coverage to read counts per million total read:
#write Treatment_5day_rep3.minus.bedgraph.normalized
Convert to bigwig file...
Pipeline complete!
