Starting 3-REAP pipeline...
Step 2: Adapter and polyA/polyT trimming
Processing Control_3day_rep1 read 1...
Path: /compbio/data/ClaireMoore/cmoore_019.admera/22166R-07-01_S54_L003_R1_001.fastq.gz
Processing Control_3day_rep2 read 1...
Path: /compbio/data/ClaireMoore/cmoore_019.admera/22166R-07-02_S55_L003_R1_001.fastq.gz
Processing Control_3day_rep3 read 1...
Path: /compbio/data/ClaireMoore/cmoore_019.admera/22166R-07-03_S56_L003_R1_001.fastq.gz
Processing Control_5day_rep1 read 1...
Path: /compbio/data/ClaireMoore/cmoore_019.admera/22166R-07-04_S57_L003_R1_001.fastq.gz
Processing Control_5day_rep2 read 1...
Path: /compbio/data/ClaireMoore/cmoore_019.admera/22166R-07-05_S58_L003_R1_001.fastq.gz
Processing Control_5day_rep3 read 1...
Path: /compbio/data/ClaireMoore/cmoore_019.admera/22166R-07-06_S59_L003_R1_001.fastq.gz
Processing Treatment_3day_rep1 read 1...
Path: /compbio/data/ClaireMoore/cmoore_019.admera/22166R-07-07_S60_L003_R1_001.fastq.gz
Processing Treatment_3day_rep2 read 1...
Path: /compbio/data/ClaireMoore/cmoore_019.admera/22166R-07-08_S61_L003_R1_001.fastq.gz
Processing Treatment_3day_rep3 read 1...
Path: /compbio/data/ClaireMoore/cmoore_019.admera/22166R-07-09_S62_L003_R1_001.fastq.gz
Processing Treatment_5day_rep1 read 1...
Path: /compbio/data/ClaireMoore/cmoore_019.admera/22166R-07-10_S63_L003_R1_001.fastq.gz
Processing Treatment_5day_rep2 read 1...
Path: /compbio/data/ClaireMoore/cmoore_019.admera/22166R-07-11_S64_L003_R1_001.fastq.gz
Processing Treatment_5day_rep3 read 1...
Path: /compbio/data/ClaireMoore/cmoore_019.admera/22166R-07-12_S138_L008_R1_001.fastq.gz
Processing Control_3day_rep1 read 2...
Path: /compbio/data/ClaireMoore/cmoore_019.admera/22166R-07-01_S54_L003_R2_001.fastq.gz
Processing /compbio/scratch/cnobrega/3_REAP/cmoore_019.admera/output/s2_fastq_cutadapt/Control_3day_rep1/Control_3day_rep1_R2_trimAdapt.fastq.gz...
Processed 44733624 reads from /compbio/scratch/cnobrega/3_REAP/cmoore_019.admera/output/s2_fastq_cutadapt/Control_3day_rep1/Control_3day_rep1_R2_trimAdapt.fastq.gz. Output saved to /compbio/scratch/cnobrega/3_REAP/cmoore_019.admera/output/s2_fastq_cutadapt/Control_3day_rep1/Control_3day_rep1_R2_trimAdapt.5Ttrimmed.fastq.gz.
Processed file saved as: /compbio/scratch/cnobrega/3_REAP/cmoore_019.admera/output/s2_fastq_cutadapt/Control_3day_rep1/Control_3day_rep1_R2_trimAdapt.5Ttrimmed.fastq.gz
Processing Control_3day_rep2 read 2...
Path: /compbio/data/ClaireMoore/cmoore_019.admera/22166R-07-02_S55_L003_R2_001.fastq.gz
Processing /compbio/scratch/cnobrega/3_REAP/cmoore_019.admera/output/s2_fastq_cutadapt/Control_3day_rep2/Control_3day_rep2_R2_trimAdapt.fastq.gz...
Processed 34785803 reads from /compbio/scratch/cnobrega/3_REAP/cmoore_019.admera/output/s2_fastq_cutadapt/Control_3day_rep2/Control_3day_rep2_R2_trimAdapt.fastq.gz. Output saved to /compbio/scratch/cnobrega/3_REAP/cmoore_019.admera/output/s2_fastq_cutadapt/Control_3day_rep2/Control_3day_rep2_R2_trimAdapt.5Ttrimmed.fastq.gz.
Processed file saved as: /compbio/scratch/cnobrega/3_REAP/cmoore_019.admera/output/s2_fastq_cutadapt/Control_3day_rep2/Control_3day_rep2_R2_trimAdapt.5Ttrimmed.fastq.gz
Processing Control_3day_rep3 read 2...
Path: /compbio/data/ClaireMoore/cmoore_019.admera/22166R-07-03_S56_L003_R2_001.fastq.gz
Processing /compbio/scratch/cnobrega/3_REAP/cmoore_019.admera/output/s2_fastq_cutadapt/Control_3day_rep3/Control_3day_rep3_R2_trimAdapt.fastq.gz...
Processed 40064279 reads from /compbio/scratch/cnobrega/3_REAP/cmoore_019.admera/output/s2_fastq_cutadapt/Control_3day_rep3/Control_3day_rep3_R2_trimAdapt.fastq.gz. Output saved to /compbio/scratch/cnobrega/3_REAP/cmoore_019.admera/output/s2_fastq_cutadapt/Control_3day_rep3/Control_3day_rep3_R2_trimAdapt.5Ttrimmed.fastq.gz.
Processed file saved as: /compbio/scratch/cnobrega/3_REAP/cmoore_019.admera/output/s2_fastq_cutadapt/Control_3day_rep3/Control_3day_rep3_R2_trimAdapt.5Ttrimmed.fastq.gz
Processing Control_5day_rep1 read 2...
Path: /compbio/data/ClaireMoore/cmoore_019.admera/22166R-07-04_S57_L003_R2_001.fastq.gz
Processing /compbio/scratch/cnobrega/3_REAP/cmoore_019.admera/output/s2_fastq_cutadapt/Control_5day_rep1/Control_5day_rep1_R2_trimAdapt.fastq.gz...
Processed 43062194 reads from /compbio/scratch/cnobrega/3_REAP/cmoore_019.admera/output/s2_fastq_cutadapt/Control_5day_rep1/Control_5day_rep1_R2_trimAdapt.fastq.gz. Output saved to /compbio/scratch/cnobrega/3_REAP/cmoore_019.admera/output/s2_fastq_cutadapt/Control_5day_rep1/Control_5day_rep1_R2_trimAdapt.5Ttrimmed.fastq.gz.
Processed file saved as: /compbio/scratch/cnobrega/3_REAP/cmoore_019.admera/output/s2_fastq_cutadapt/Control_5day_rep1/Control_5day_rep1_R2_trimAdapt.5Ttrimmed.fastq.gz
Processing Control_5day_rep2 read 2...
Path: /compbio/data/ClaireMoore/cmoore_019.admera/22166R-07-05_S58_L003_R2_001.fastq.gz
Processing /compbio/scratch/cnobrega/3_REAP/cmoore_019.admera/output/s2_fastq_cutadapt/Control_5day_rep2/Control_5day_rep2_R2_trimAdapt.fastq.gz...
Processed 48577271 reads from /compbio/scratch/cnobrega/3_REAP/cmoore_019.admera/output/s2_fastq_cutadapt/Control_5day_rep2/Control_5day_rep2_R2_trimAdapt.fastq.gz. Output saved to /compbio/scratch/cnobrega/3_REAP/cmoore_019.admera/output/s2_fastq_cutadapt/Control_5day_rep2/Control_5day_rep2_R2_trimAdapt.5Ttrimmed.fastq.gz.
Processed file saved as: /compbio/scratch/cnobrega/3_REAP/cmoore_019.admera/output/s2_fastq_cutadapt/Control_5day_rep2/Control_5day_rep2_R2_trimAdapt.5Ttrimmed.fastq.gz
Processing Control_5day_rep3 read 2...
Path: /compbio/data/ClaireMoore/cmoore_019.admera/22166R-07-06_S59_L003_R2_001.fastq.gz
Processing /compbio/scratch/cnobrega/3_REAP/cmoore_019.admera/output/s2_fastq_cutadapt/Control_5day_rep3/Control_5day_rep3_R2_trimAdapt.fastq.gz...
Processed 37740072 reads from /compbio/scratch/cnobrega/3_REAP/cmoore_019.admera/output/s2_fastq_cutadapt/Control_5day_rep3/Control_5day_rep3_R2_trimAdapt.fastq.gz. Output saved to /compbio/scratch/cnobrega/3_REAP/cmoore_019.admera/output/s2_fastq_cutadapt/Control_5day_rep3/Control_5day_rep3_R2_trimAdapt.5Ttrimmed.fastq.gz.
Processed file saved as: /compbio/scratch/cnobrega/3_REAP/cmoore_019.admera/output/s2_fastq_cutadapt/Control_5day_rep3/Control_5day_rep3_R2_trimAdapt.5Ttrimmed.fastq.gz
Processing Treatment_3day_rep1 read 2...
Path: /compbio/data/ClaireMoore/cmoore_019.admera/22166R-07-07_S60_L003_R2_001.fastq.gz
Processing /compbio/scratch/cnobrega/3_REAP/cmoore_019.admera/output/s2_fastq_cutadapt/Treatment_3day_rep1/Treatment_3day_rep1_R2_trimAdapt.fastq.gz...
Processed 45672759 reads from /compbio/scratch/cnobrega/3_REAP/cmoore_019.admera/output/s2_fastq_cutadapt/Treatment_3day_rep1/Treatment_3day_rep1_R2_trimAdapt.fastq.gz. Output saved to /compbio/scratch/cnobrega/3_REAP/cmoore_019.admera/output/s2_fastq_cutadapt/Treatment_3day_rep1/Treatment_3day_rep1_R2_trimAdapt.5Ttrimmed.fastq.gz.
Processed file saved as: /compbio/scratch/cnobrega/3_REAP/cmoore_019.admera/output/s2_fastq_cutadapt/Treatment_3day_rep1/Treatment_3day_rep1_R2_trimAdapt.5Ttrimmed.fastq.gz
Processing Treatment_3day_rep2 read 2...
Path: /compbio/data/ClaireMoore/cmoore_019.admera/22166R-07-08_S61_L003_R2_001.fastq.gz
Processing /compbio/scratch/cnobrega/3_REAP/cmoore_019.admera/output/s2_fastq_cutadapt/Treatment_3day_rep2/Treatment_3day_rep2_R2_trimAdapt.fastq.gz...
Processed 36326783 reads from /compbio/scratch/cnobrega/3_REAP/cmoore_019.admera/output/s2_fastq_cutadapt/Treatment_3day_rep2/Treatment_3day_rep2_R2_trimAdapt.fastq.gz. Output saved to /compbio/scratch/cnobrega/3_REAP/cmoore_019.admera/output/s2_fastq_cutadapt/Treatment_3day_rep2/Treatment_3day_rep2_R2_trimAdapt.5Ttrimmed.fastq.gz.
Processed file saved as: /compbio/scratch/cnobrega/3_REAP/cmoore_019.admera/output/s2_fastq_cutadapt/Treatment_3day_rep2/Treatment_3day_rep2_R2_trimAdapt.5Ttrimmed.fastq.gz
Processing Treatment_3day_rep3 read 2...
Path: /compbio/data/ClaireMoore/cmoore_019.admera/22166R-07-09_S62_L003_R2_001.fastq.gz
Processing /compbio/scratch/cnobrega/3_REAP/cmoore_019.admera/output/s2_fastq_cutadapt/Treatment_3day_rep3/Treatment_3day_rep3_R2_trimAdapt.fastq.gz...
Processed 47895150 reads from /compbio/scratch/cnobrega/3_REAP/cmoore_019.admera/output/s2_fastq_cutadapt/Treatment_3day_rep3/Treatment_3day_rep3_R2_trimAdapt.fastq.gz. Output saved to /compbio/scratch/cnobrega/3_REAP/cmoore_019.admera/output/s2_fastq_cutadapt/Treatment_3day_rep3/Treatment_3day_rep3_R2_trimAdapt.5Ttrimmed.fastq.gz.
Processed file saved as: /compbio/scratch/cnobrega/3_REAP/cmoore_019.admera/output/s2_fastq_cutadapt/Treatment_3day_rep3/Treatment_3day_rep3_R2_trimAdapt.5Ttrimmed.fastq.gz
Processing Treatment_5day_rep1 read 2...
Path: /compbio/data/ClaireMoore/cmoore_019.admera/22166R-07-10_S63_L003_R2_001.fastq.gz
Processing /compbio/scratch/cnobrega/3_REAP/cmoore_019.admera/output/s2_fastq_cutadapt/Treatment_5day_rep1/Treatment_5day_rep1_R2_trimAdapt.fastq.gz...
Processed 36559098 reads from /compbio/scratch/cnobrega/3_REAP/cmoore_019.admera/output/s2_fastq_cutadapt/Treatment_5day_rep1/Treatment_5day_rep1_R2_trimAdapt.fastq.gz. Output saved to /compbio/scratch/cnobrega/3_REAP/cmoore_019.admera/output/s2_fastq_cutadapt/Treatment_5day_rep1/Treatment_5day_rep1_R2_trimAdapt.5Ttrimmed.fastq.gz.
Processed file saved as: /compbio/scratch/cnobrega/3_REAP/cmoore_019.admera/output/s2_fastq_cutadapt/Treatment_5day_rep1/Treatment_5day_rep1_R2_trimAdapt.5Ttrimmed.fastq.gz
Processing Treatment_5day_rep2 read 2...
Path: /compbio/data/ClaireMoore/cmoore_019.admera/22166R-07-11_S64_L003_R2_001.fastq.gz
Processing /compbio/scratch/cnobrega/3_REAP/cmoore_019.admera/output/s2_fastq_cutadapt/Treatment_5day_rep2/Treatment_5day_rep2_R2_trimAdapt.fastq.gz...
